// Jest Snapshot v1, https://goo.gl/fbAQLP

exports[`PageToast renders the toast page 1`] = `
<div>
  <div
    className="position-relative overflow-hidden p-2 p-md-5 m-md-3 text-center"
  >
    <div
      className="col-md-7 p-lg-2 mx-auto my-5"
    >
      <h1
        className="display-4 text-primary"
      >
        Get in Touch
      </h1>
      <p
        className="lead"
      >
        Verite Data Science is providing customized solutions for both startups and Fortune 100 companies. Get in touch to see how we can help.
      </p>
      <div
        className="svg-container mx-auto"
      >
        <svg>
          robot.svg
        </svg>
      </div>
      <br />
      <a
        className="btn btn-lg btn-outline-secondary"
        href="/contact"
        onClick={[Function]}
      >
        Contact Us
      </a>
    </div>
  </div>
  <div
    className="container mt-5"
  >
    <div
      className="row"
    >
      <div
        className="col mt-5"
      >
        <div
          className="react-notification-root"
        >
          <div
            className="notification-container-top-left"
          />
          <div
            className="notification-container-top-right"
          />
          <div
            className="notification-container-bottom-left"
          />
          <div
            className="notification-container-bottom-right"
          />
        </div>
        <button
          className="btn btn-primary"
          onClick={[Function]}
        >
          Add Notification
        </button>
      </div>
    </div>
  </div>
</div>
`;
