// Jest Snapshot v1, https://goo.gl/fbAQLP

exports[`Navigation renders a Navbar 1`] = `
<nav
  className="navbar fixed-top navbar-expand-sm navbar-light bg-light"
>
  <div
    className="container"
  >
    <a
      className="navbar-brand"
      href="/"
      onClick={[Function]}
    >
      <img
        alt=""
        className="d-inline-block align-top"
        height="30"
        src="logo.png"
        width="30"
      />
       
      Verite Data Science
    </a>
    <button
      aria-label="Toggle navigation"
      className="navbar-toggler collapsed"
      onClick={[Function]}
      type="button"
    >
      <span
        className="navbar-toggler-icon"
      />
    </button>
    <div
      className="navbar-collapse collapse"
    >
      <a
        aria-current={null}
        className="nav-link"
        href="/about"
        onClick={[Function]}
      >
        About
      </a>
      <a
        aria-current={null}
        className="nav-link"
        href="/contact"
        onClick={[Function]}
      >
        Contact
      </a>
    </div>
  </div>
</nav>
`;
